<?xml version="1.0"?>
<link_info>
   <banner>TI ARM Linker PC v16.9.4.LTS</banner>
   <copyright>Copyright (c) 1996-2017 Texas Instruments Incorporated</copyright>
   <link_time>0x5a282006</link_time>
   <link_errors>0x0</link_errors>
   <output_file>ECED4402_A2.out</output_file>
   <entry_point>
      <name>_c_int00</name>
      <address>0x35cd</address>
   </entry_point>
   <input_file_list>
      <input_file id="fl-2">
         <path>.\</path>
         <kind>object</kind>
         <file>KernelCalls.obj</file>
         <name>KernelCalls.obj</name>
      </input_file>
      <input_file id="fl-3">
         <path>.\</path>
         <kind>object</kind>
         <file>kernel.obj</file>
         <name>kernel.obj</name>
      </input_file>
      <input_file id="fl-4">
         <path>.\</path>
         <kind>object</kind>
         <file>main.obj</file>
         <name>main.obj</name>
      </input_file>
      <input_file id="fl-5">
         <path>.\</path>
         <kind>object</kind>
         <file>process.obj</file>
         <name>process.obj</name>
      </input_file>
      <input_file id="fl-6">
         <path>.\</path>
         <kind>object</kind>
         <file>queues.obj</file>
         <name>queues.obj</name>
      </input_file>
      <input_file id="fl-7">
         <path>.\</path>
         <kind>object</kind>
         <file>svc.obj</file>
         <name>svc.obj</name>
      </input_file>
      <input_file id="fl-8">
         <path>.\</path>
         <kind>object</kind>
         <file>systick.obj</file>
         <name>systick.obj</name>
      </input_file>
      <input_file id="fl-9">
         <path>.\</path>
         <kind>object</kind>
         <file>tm4c1294ncpdt_startup_ccs.obj</file>
         <name>tm4c1294ncpdt_startup_ccs.obj</name>
      </input_file>
      <input_file id="fl-a">
         <path>.\</path>
         <kind>object</kind>
         <file>uart.obj</file>
         <name>uart.obj</name>
      </input_file>
      <input_file id="fl-e">
         <kind>object</kind>
         <file>&lt;internal&gt;</file>
         <name>&lt;internal&gt;</name>
      </input_file>
      <input_file id="fl-c4">
         <path>C:\ti\ccsv7\tools\compiler\ti-cgt-arm_16.9.4.LTS\lib\</path>
         <kind>archive</kind>
         <file>rtsv7M4_T_le_v4SPD16_eabi.lib</file>
         <name>array_del.obj</name>
      </input_file>
      <input_file id="fl-c5">
         <path>C:\ti\ccsv7\tools\compiler\ti-cgt-arm_16.9.4.LTS\lib\</path>
         <kind>archive</kind>
         <file>rtsv7M4_T_le_v4SPD16_eabi.lib</file>
         <name>array_new.obj</name>
      </input_file>
      <input_file id="fl-c6">
         <path>C:\ti\ccsv7\tools\compiler\ti-cgt-arm_16.9.4.LTS\lib\</path>
         <kind>archive</kind>
         <file>rtsv7M4_T_le_v4SPD16_eabi.lib</file>
         <name>boot.obj</name>
      </input_file>
      <input_file id="fl-c7">
         <path>C:\ti\ccsv7\tools\compiler\ti-cgt-arm_16.9.4.LTS\lib\</path>
         <kind>archive</kind>
         <file>rtsv7M4_T_le_v4SPD16_eabi.lib</file>
         <name>copy_decompress_lzss.obj</name>
      </input_file>
      <input_file id="fl-c8">
         <path>C:\ti\ccsv7\tools\compiler\ti-cgt-arm_16.9.4.LTS\lib\</path>
         <kind>archive</kind>
         <file>rtsv7M4_T_le_v4SPD16_eabi.lib</file>
         <name>copy_decompress_none.obj</name>
      </input_file>
      <input_file id="fl-c9">
         <path>C:\ti\ccsv7\tools\compiler\ti-cgt-arm_16.9.4.LTS\lib\</path>
         <kind>archive</kind>
         <file>rtsv7M4_T_le_v4SPD16_eabi.lib</file>
         <name>copy_zero_init.obj</name>
      </input_file>
      <input_file id="fl-ca">
         <path>C:\ti\ccsv7\tools\compiler\ti-cgt-arm_16.9.4.LTS\lib\</path>
         <kind>archive</kind>
         <file>rtsv7M4_T_le_v4SPD16_eabi.lib</file>
         <name>delete.obj</name>
      </input_file>
      <input_file id="fl-cb">
         <path>C:\ti\ccsv7\tools\compiler\ti-cgt-arm_16.9.4.LTS\lib\</path>
         <kind>archive</kind>
         <file>rtsv7M4_T_le_v4SPD16_eabi.lib</file>
         <name>dll_main.obj</name>
      </input_file>
      <input_file id="fl-cc">
         <path>C:\ti\ccsv7\tools\compiler\ti-cgt-arm_16.9.4.LTS\lib\</path>
         <kind>archive</kind>
         <file>rtsv7M4_T_le_v4SPD16_eabi.lib</file>
         <name>dtor_list.obj</name>
      </input_file>
      <input_file id="fl-cd">
         <path>C:\ti\ccsv7\tools\compiler\ti-cgt-arm_16.9.4.LTS\lib\</path>
         <kind>archive</kind>
         <file>rtsv7M4_T_le_v4SPD16_eabi.lib</file>
         <name>exit.obj</name>
      </input_file>
      <input_file id="fl-ce">
         <path>C:\ti\ccsv7\tools\compiler\ti-cgt-arm_16.9.4.LTS\lib\</path>
         <kind>archive</kind>
         <file>rtsv7M4_T_le_v4SPD16_eabi.lib</file>
         <name>fputs.obj</name>
      </input_file>
      <input_file id="fl-cf">
         <path>C:\ti\ccsv7\tools\compiler\ti-cgt-arm_16.9.4.LTS\lib\</path>
         <kind>archive</kind>
         <file>rtsv7M4_T_le_v4SPD16_eabi.lib</file>
         <name>memchr.obj</name>
      </input_file>
      <input_file id="fl-d0">
         <path>C:\ti\ccsv7\tools\compiler\ti-cgt-arm_16.9.4.LTS\lib\</path>
         <kind>archive</kind>
         <file>rtsv7M4_T_le_v4SPD16_eabi.lib</file>
         <name>memcpy_t2.obj</name>
      </input_file>
      <input_file id="fl-d1">
         <path>C:\ti\ccsv7\tools\compiler\ti-cgt-arm_16.9.4.LTS\lib\</path>
         <kind>archive</kind>
         <file>rtsv7M4_T_le_v4SPD16_eabi.lib</file>
         <name>memory.obj</name>
      </input_file>
      <input_file id="fl-d2">
         <path>C:\ti\ccsv7\tools\compiler\ti-cgt-arm_16.9.4.LTS\lib\</path>
         <kind>archive</kind>
         <file>rtsv7M4_T_le_v4SPD16_eabi.lib</file>
         <name>memset_t2.obj</name>
      </input_file>
      <input_file id="fl-d3">
         <path>C:\ti\ccsv7\tools\compiler\ti-cgt-arm_16.9.4.LTS\lib\</path>
         <kind>archive</kind>
         <file>rtsv7M4_T_le_v4SPD16_eabi.lib</file>
         <name>mpu_init.obj</name>
      </input_file>
      <input_file id="fl-d4">
         <path>C:\ti\ccsv7\tools\compiler\ti-cgt-arm_16.9.4.LTS\lib\</path>
         <kind>archive</kind>
         <file>rtsv7M4_T_le_v4SPD16_eabi.lib</file>
         <name>new_.obj</name>
      </input_file>
      <input_file id="fl-d5">
         <path>C:\ti\ccsv7\tools\compiler\ti-cgt-arm_16.9.4.LTS\lib\</path>
         <kind>archive</kind>
         <file>rtsv7M4_T_le_v4SPD16_eabi.lib</file>
         <name>newhandler.obj</name>
      </input_file>
      <input_file id="fl-d6">
         <path>C:\ti\ccsv7\tools\compiler\ti-cgt-arm_16.9.4.LTS\lib\</path>
         <kind>archive</kind>
         <file>rtsv7M4_T_le_v4SPD16_eabi.lib</file>
         <name>pre_init.obj</name>
      </input_file>
      <input_file id="fl-d7">
         <path>C:\ti\ccsv7\tools\compiler\ti-cgt-arm_16.9.4.LTS\lib\</path>
         <kind>archive</kind>
         <file>rtsv7M4_T_le_v4SPD16_eabi.lib</file>
         <name>stkdepth_vars.obj</name>
      </input_file>
      <input_file id="fl-d8">
         <path>C:\ti\ccsv7\tools\compiler\ti-cgt-arm_16.9.4.LTS\lib\</path>
         <kind>archive</kind>
         <file>rtsv7M4_T_le_v4SPD16_eabi.lib</file>
         <name>strlen.obj</name>
      </input_file>
      <input_file id="fl-d9">
         <path>C:\ti\ccsv7\tools\compiler\ti-cgt-arm_16.9.4.LTS\lib\</path>
         <kind>archive</kind>
         <file>rtsv7M4_T_le_v4SPD16_eabi.lib</file>
         <name>vars.obj</name>
      </input_file>
      <input_file id="fl-da">
         <path>C:\ti\ccsv7\tools\compiler\ti-cgt-arm_16.9.4.LTS\lib\</path>
         <kind>archive</kind>
         <file>rtsv7M4_T_le_v4SPD16_eabi.lib</file>
         <name>vec_newdel.obj</name>
      </input_file>
      <input_file id="fl-db">
         <path>C:\ti\ccsv7\tools\compiler\ti-cgt-arm_16.9.4.LTS\lib\</path>
         <kind>archive</kind>
         <file>rtsv7M4_T_le_v4SPD16_eabi.lib</file>
         <name>write.obj</name>
      </input_file>
      <input_file id="fl-dc">
         <path>C:\ti\ccsv7\tools\compiler\ti-cgt-arm_16.9.4.LTS\lib\</path>
         <kind>archive</kind>
         <file>rtsv7M4_T_le_v4SPD16_eabi.lib</file>
         <name>_io_perm.obj</name>
      </input_file>
      <input_file id="fl-dd">
         <path>C:\ti\ccsv7\tools\compiler\ti-cgt-arm_16.9.4.LTS\lib\</path>
         <kind>archive</kind>
         <file>rtsv7M4_T_le_v4SPD16_eabi.lib</file>
         <name>_lock.obj</name>
      </input_file>
      <input_file id="fl-de">
         <path>C:\ti\ccsv7\tools\compiler\ti-cgt-arm_16.9.4.LTS\lib\</path>
         <kind>archive</kind>
         <file>rtsv7M4_T_le_v4SPD16_eabi.lib</file>
         <name>args_main.obj</name>
      </input_file>
      <input_file id="fl-df">
         <path>C:\ti\ccsv7\tools\compiler\ti-cgt-arm_16.9.4.LTS\lib\</path>
         <kind>archive</kind>
         <file>rtsv7M4_T_le_v4SPD16_eabi.lib</file>
         <name>autoinit.obj</name>
      </input_file>
      <input_file id="fl-e0">
         <path>C:\ti\ccsv7\tools\compiler\ti-cgt-arm_16.9.4.LTS\lib\</path>
         <kind>archive</kind>
         <file>rtsv7M4_T_le_v4SPD16_eabi.lib</file>
         <name>cpy_tbl.obj</name>
      </input_file>
      <input_file id="fl-e1">
         <path>C:\ti\ccsv7\tools\compiler\ti-cgt-arm_16.9.4.LTS\lib\</path>
         <kind>archive</kind>
         <file>rtsv7M4_T_le_v4SPD16_eabi.lib</file>
         <name>defs.obj</name>
      </input_file>
      <input_file id="fl-e2">
         <path>C:\ti\ccsv7\tools\compiler\ti-cgt-arm_16.9.4.LTS\lib\</path>
         <kind>archive</kind>
         <file>rtsv7M4_T_le_v4SPD16_eabi.lib</file>
         <name>fflush.obj</name>
      </input_file>
      <input_file id="fl-e3">
         <path>C:\ti\ccsv7\tools\compiler\ti-cgt-arm_16.9.4.LTS\lib\</path>
         <kind>archive</kind>
         <file>rtsv7M4_T_le_v4SPD16_eabi.lib</file>
         <name>fseek.obj</name>
      </input_file>
      <input_file id="fl-e4">
         <path>C:\ti\ccsv7\tools\compiler\ti-cgt-arm_16.9.4.LTS\lib\</path>
         <kind>archive</kind>
         <file>rtsv7M4_T_le_v4SPD16_eabi.lib</file>
         <name>hostclose.obj</name>
      </input_file>
      <input_file id="fl-e5">
         <path>C:\ti\ccsv7\tools\compiler\ti-cgt-arm_16.9.4.LTS\lib\</path>
         <kind>archive</kind>
         <file>rtsv7M4_T_le_v4SPD16_eabi.lib</file>
         <name>hostlseek.obj</name>
      </input_file>
      <input_file id="fl-e6">
         <path>C:\ti\ccsv7\tools\compiler\ti-cgt-arm_16.9.4.LTS\lib\</path>
         <kind>archive</kind>
         <file>rtsv7M4_T_le_v4SPD16_eabi.lib</file>
         <name>hostopen.obj</name>
      </input_file>
      <input_file id="fl-e7">
         <path>C:\ti\ccsv7\tools\compiler\ti-cgt-arm_16.9.4.LTS\lib\</path>
         <kind>archive</kind>
         <file>rtsv7M4_T_le_v4SPD16_eabi.lib</file>
         <name>hostread.obj</name>
      </input_file>
      <input_file id="fl-e8">
         <path>C:\ti\ccsv7\tools\compiler\ti-cgt-arm_16.9.4.LTS\lib\</path>
         <kind>archive</kind>
         <file>rtsv7M4_T_le_v4SPD16_eabi.lib</file>
         <name>hostrename.obj</name>
      </input_file>
      <input_file id="fl-e9">
         <path>C:\ti\ccsv7\tools\compiler\ti-cgt-arm_16.9.4.LTS\lib\</path>
         <kind>archive</kind>
         <file>rtsv7M4_T_le_v4SPD16_eabi.lib</file>
         <name>hostunlink.obj</name>
      </input_file>
      <input_file id="fl-ea">
         <path>C:\ti\ccsv7\tools\compiler\ti-cgt-arm_16.9.4.LTS\lib\</path>
         <kind>archive</kind>
         <file>rtsv7M4_T_le_v4SPD16_eabi.lib</file>
         <name>hostwrite.obj</name>
      </input_file>
      <input_file id="fl-eb">
         <path>C:\ti\ccsv7\tools\compiler\ti-cgt-arm_16.9.4.LTS\lib\</path>
         <kind>archive</kind>
         <file>rtsv7M4_T_le_v4SPD16_eabi.lib</file>
         <name>lseek.obj</name>
      </input_file>
      <input_file id="fl-ec">
         <path>C:\ti\ccsv7\tools\compiler\ti-cgt-arm_16.9.4.LTS\lib\</path>
         <kind>archive</kind>
         <file>rtsv7M4_T_le_v4SPD16_eabi.lib</file>
         <name>setvbuf.obj</name>
      </input_file>
      <input_file id="fl-ed">
         <path>C:\ti\ccsv7\tools\compiler\ti-cgt-arm_16.9.4.LTS\lib\</path>
         <kind>archive</kind>
         <file>rtsv7M4_T_le_v4SPD16_eabi.lib</file>
         <name>startup.obj</name>
      </input_file>
      <input_file id="fl-ee">
         <path>C:\ti\ccsv7\tools\compiler\ti-cgt-arm_16.9.4.LTS\lib\</path>
         <kind>archive</kind>
         <file>rtsv7M4_T_le_v4SPD16_eabi.lib</file>
         <name>strcpy.obj</name>
      </input_file>
      <input_file id="fl-ef">
         <path>C:\ti\ccsv7\tools\compiler\ti-cgt-arm_16.9.4.LTS\lib\</path>
         <kind>archive</kind>
         <file>rtsv7M4_T_le_v4SPD16_eabi.lib</file>
         <name>trgmsg.obj</name>
      </input_file>
      <input_file id="fl-f0">
         <path>C:\ti\ccsv7\tools\compiler\ti-cgt-arm_16.9.4.LTS\lib\</path>
         <kind>archive</kind>
         <file>rtsv7M4_T_le_v4SPD16_eabi.lib</file>
         <name>fopen.obj</name>
      </input_file>
      <input_file id="fl-f1">
         <path>C:\ti\ccsv7\tools\compiler\ti-cgt-arm_16.9.4.LTS\lib\</path>
         <kind>archive</kind>
         <file>rtsv7M4_T_le_v4SPD16_eabi.lib</file>
         <name>open.obj</name>
      </input_file>
      <input_file id="fl-f2">
         <path>C:\ti\ccsv7\tools\compiler\ti-cgt-arm_16.9.4.LTS\lib\</path>
         <kind>archive</kind>
         <file>rtsv7M4_T_le_v4SPD16_eabi.lib</file>
         <name>fclose.obj</name>
      </input_file>
      <input_file id="fl-f3">
         <path>C:\ti\ccsv7\tools\compiler\ti-cgt-arm_16.9.4.LTS\lib\</path>
         <kind>archive</kind>
         <file>rtsv7M4_T_le_v4SPD16_eabi.lib</file>
         <name>getdevice.obj</name>
      </input_file>
      <input_file id="fl-f4">
         <path>C:\ti\ccsv7\tools\compiler\ti-cgt-arm_16.9.4.LTS\lib\</path>
         <kind>archive</kind>
         <file>rtsv7M4_T_le_v4SPD16_eabi.lib</file>
         <name>remove.obj</name>
      </input_file>
      <input_file id="fl-f5">
         <path>C:\ti\ccsv7\tools\compiler\ti-cgt-arm_16.9.4.LTS\lib\</path>
         <kind>archive</kind>
         <file>rtsv7M4_T_le_v4SPD16_eabi.lib</file>
         <name>strchr.obj</name>
      </input_file>
      <input_file id="fl-f6">
         <path>C:\ti\ccsv7\tools\compiler\ti-cgt-arm_16.9.4.LTS\lib\</path>
         <kind>archive</kind>
         <file>rtsv7M4_T_le_v4SPD16_eabi.lib</file>
         <name>strcmp.obj</name>
      </input_file>
      <input_file id="fl-f7">
         <path>C:\ti\ccsv7\tools\compiler\ti-cgt-arm_16.9.4.LTS\lib\</path>
         <kind>archive</kind>
         <file>rtsv7M4_T_le_v4SPD16_eabi.lib</file>
         <name>strncpy.obj</name>
      </input_file>
      <input_file id="fl-f8">
         <path>C:\ti\ccsv7\tools\compiler\ti-cgt-arm_16.9.4.LTS\lib\</path>
         <kind>archive</kind>
         <file>rtsv7M4_T_le_v4SPD16_eabi.lib</file>
         <name>unlink.obj</name>
      </input_file>
      <input_file id="fl-f9">
         <path>C:\ti\ccsv7\tools\compiler\ti-cgt-arm_16.9.4.LTS\lib\</path>
         <kind>archive</kind>
         <file>rtsv7M4_T_le_v4SPD16_eabi.lib</file>
         <name>close.obj</name>
      </input_file>
   </input_file_list>
   <object_component_list>
      <object_component id="oc-f">
         <name>.intvecs</name>
         <load_address>0x0</load_address>
         <run_address>0x0</run_address>
         <size>0x208</size>
         <input_file_ref idref="fl-9"/>
      </object_component>
      <object_component id="oc-43">
         <name>.text</name>
         <load_address>0x208</load_address>
         <run_address>0x208</run_address>
         <size>0xdb4</size>
         <input_file_ref idref="fl-a"/>
      </object_component>
      <object_component id="oc-97">
         <name>.text</name>
         <load_address>0xfbc</load_address>
         <run_address>0xfbc</run_address>
         <size>0x488</size>
         <input_file_ref idref="fl-5"/>
      </object_component>
      <object_component id="oc-b9">
         <name>.text</name>
         <load_address>0x1444</load_address>
         <run_address>0x1444</run_address>
         <size>0x3d0</size>
         <input_file_ref idref="fl-6"/>
      </object_component>
      <object_component id="oc-306">
         <name>.text</name>
         <load_address>0x1814</load_address>
         <run_address>0x1814</run_address>
         <size>0x3d0</size>
         <input_file_ref idref="fl-d1"/>
      </object_component>
      <object_component id="oc-103">
         <name>.text</name>
         <load_address>0x1be4</load_address>
         <run_address>0x1be4</run_address>
         <size>0x39c</size>
         <input_file_ref idref="fl-da"/>
      </object_component>
      <object_component id="oc-91">
         <name>.text</name>
         <load_address>0x1f80</load_address>
         <run_address>0x1f80</run_address>
         <size>0x360</size>
         <input_file_ref idref="fl-4"/>
      </object_component>
      <object_component id="oc-a2">
         <name>.text</name>
         <load_address>0x22e0</load_address>
         <run_address>0x22e0</run_address>
         <size>0x330</size>
         <input_file_ref idref="fl-2"/>
      </object_component>
      <object_component id="oc-55f">
         <name>.text</name>
         <load_address>0x2610</load_address>
         <run_address>0x2610</run_address>
         <size>0x1c4</size>
         <input_file_ref idref="fl-f0"/>
      </object_component>
      <object_component id="oc-445">
         <name>.text</name>
         <load_address>0x27d4</load_address>
         <run_address>0x27d4</run_address>
         <size>0x134</size>
         <input_file_ref idref="fl-ce"/>
      </object_component>
      <object_component id="oc-37">
         <name>.text</name>
         <load_address>0x2908</load_address>
         <run_address>0x2908</run_address>
         <size>0x114</size>
         <input_file_ref idref="fl-7"/>
      </object_component>
      <object_component id="oc-fd">
         <name>.text</name>
         <load_address>0x2a1c</load_address>
         <run_address>0x2a1c</run_address>
         <size>0xf4</size>
         <input_file_ref idref="fl-cc"/>
      </object_component>
      <object_component id="oc-51e">
         <name>.text</name>
         <load_address>0x2b10</load_address>
         <run_address>0x2b10</run_address>
         <size>0xdc</size>
         <input_file_ref idref="fl-ec"/>
      </object_component>
      <object_component id="oc-388">
         <name>.text:_ZNSs9_M_appendEPKcS0_</name>
         <load_address>0x2bec</load_address>
         <run_address>0x2bec</run_address>
         <size>0xc8</size>
         <input_file_ref idref="fl-2"/>
      </object_component>
      <object_component id="oc-4b8">
         <name>.text</name>
         <load_address>0x2cb4</load_address>
         <run_address>0x2cb4</run_address>
         <size>0xc8</size>
         <input_file_ref idref="fl-e2"/>
      </object_component>
      <object_component id="oc-592">
         <name>.text</name>
         <load_address>0x2d7c</load_address>
         <run_address>0x2d7c</run_address>
         <size>0xbc</size>
         <input_file_ref idref="fl-f1"/>
      </object_component>
      <object_component id="oc-4ac">
         <name>.text</name>
         <load_address>0x2e38</load_address>
         <run_address>0x2e38</run_address>
         <size>0xac</size>
         <input_file_ref idref="fl-dc"/>
      </object_component>
      <object_component id="oc-57">
         <name>.text</name>
         <load_address>0x2ee4</load_address>
         <run_address>0x2ee4</run_address>
         <size>0x9c</size>
         <input_file_ref idref="fl-d0"/>
      </object_component>
      <object_component id="oc-598">
         <name>.text</name>
         <load_address>0x2f80</load_address>
         <run_address>0x2f80</run_address>
         <size>0x98</size>
         <input_file_ref idref="fl-f2"/>
      </object_component>
      <object_component id="oc-3d">
         <name>.text</name>
         <load_address>0x3018</load_address>
         <run_address>0x3018</run_address>
         <size>0x88</size>
         <input_file_ref idref="fl-8"/>
      </object_component>
      <object_component id="oc-63">
         <name>.text</name>
         <load_address>0x30a0</load_address>
         <run_address>0x30a0</run_address>
         <size>0x7a</size>
         <input_file_ref idref="fl-d2"/>
      </object_component>
      <object_component id="oc-6f">
         <name>.text</name>
         <load_address>0x311a</load_address>
         <run_address>0x311a</run_address>
         <size>0x2</size>
         <input_file_ref idref="fl-d3"/>
      </object_component>
      <object_component id="oc-7b">
         <name>.text</name>
         <load_address>0x311c</load_address>
         <run_address>0x311c</run_address>
         <size>0x70</size>
         <input_file_ref idref="fl-df"/>
      </object_component>
      <object_component id="oc-5d1">
         <name>.text</name>
         <load_address>0x318c</load_address>
         <run_address>0x318c</run_address>
         <size>0x70</size>
         <input_file_ref idref="fl-f3"/>
      </object_component>
      <object_component id="oc-5c7">
         <name>.text</name>
         <load_address>0x31fc</load_address>
         <run_address>0x31fc</run_address>
         <size>0x6c</size>
         <input_file_ref idref="fl-e8"/>
      </object_component>
      <object_component id="oc-12">
         <name>.text:decompress:lzss</name>
         <load_address>0x3268</load_address>
         <run_address>0x3268</run_address>
         <size>0x68</size>
         <input_file_ref idref="fl-c7"/>
      </object_component>
      <object_component id="oc-5bb">
         <name>.text</name>
         <load_address>0x32d0</load_address>
         <run_address>0x32d0</run_address>
         <size>0x68</size>
         <input_file_ref idref="fl-e5"/>
      </object_component>
      <object_component id="oc-5eb">
         <name>.text</name>
         <load_address>0x3338</load_address>
         <run_address>0x3338</run_address>
         <size>0x68</size>
         <input_file_ref idref="fl-ef"/>
      </object_component>
      <object_component id="oc-518">
         <name>.text</name>
         <load_address>0x33a0</load_address>
         <run_address>0x33a0</run_address>
         <size>0x64</size>
         <input_file_ref idref="fl-e3"/>
      </object_component>
      <object_component id="oc-5a3">
         <name>.text</name>
         <load_address>0x3404</load_address>
         <run_address>0x3404</run_address>
         <size>0x60</size>
         <input_file_ref idref="fl-e6"/>
      </object_component>
      <object_component id="oc-40b">
         <name>.text:_ZNSs20_M_compute_next_sizeEj</name>
         <load_address>0x3464</load_address>
         <run_address>0x3464</run_address>
         <size>0x5c</size>
         <input_file_ref idref="fl-2"/>
      </object_component>
      <object_component id="oc-5da">
         <name>.text</name>
         <load_address>0x34c0</load_address>
         <run_address>0x34c0</run_address>
         <size>0x5c</size>
         <input_file_ref idref="fl-f9"/>
      </object_component>
      <object_component id="oc-5af">
         <name>.text</name>
         <load_address>0x351c</load_address>
         <run_address>0x351c</run_address>
         <size>0x58</size>
         <input_file_ref idref="fl-e7"/>
      </object_component>
      <object_component id="oc-5b5">
         <name>.text</name>
         <load_address>0x3574</load_address>
         <run_address>0x3574</run_address>
         <size>0x58</size>
         <input_file_ref idref="fl-ea"/>
      </object_component>
      <object_component id="oc-24">
         <name>.text</name>
         <load_address>0x35cc</load_address>
         <run_address>0x35cc</run_address>
         <size>0x54</size>
         <input_file_ref idref="fl-c6"/>
      </object_component>
      <object_component id="oc-87">
         <name>.text</name>
         <load_address>0x3620</load_address>
         <run_address>0x3620</run_address>
         <size>0x54</size>
         <input_file_ref idref="fl-cd"/>
      </object_component>
      <object_component id="oc-3b2">
         <name>.text:_ZNSt4priv12_String_baseIcSaIcEE17_M_allocate_blockEj</name>
         <load_address>0x3674</load_address>
         <run_address>0x3674</run_address>
         <size>0x4c</size>
         <input_file_ref idref="fl-2"/>
      </object_component>
      <object_component id="oc-138">
         <name>.text</name>
         <load_address>0x36c0</load_address>
         <run_address>0x36c0</run_address>
         <size>0x4c</size>
         <input_file_ref idref="fl-e0"/>
      </object_component>
      <object_component id="oc-503">
         <name>.text:_ZNSaIcE11_M_allocateEjRj</name>
         <load_address>0x370c</load_address>
         <run_address>0x370c</run_address>
         <size>0x48</size>
         <input_file_ref idref="fl-2"/>
      </object_component>
      <object_component id="oc-39a">
         <name>.text</name>
         <load_address>0x3754</load_address>
         <run_address>0x3754</run_address>
         <size>0x48</size>
         <input_file_ref idref="fl-cb"/>
      </object_component>
      <object_component id="oc-49e">
         <name>.text:_ZNSt4priv7__ucopyIPKcPciEET0_T_S5_S4_RKSt26random_access_iterator_tagPT1_</name>
         <load_address>0x379c</load_address>
         <run_address>0x379c</run_address>
         <size>0x46</size>
         <input_file_ref idref="fl-2"/>
      </object_component>
      <object_component id="oc-497">
         <name>.text:_ZNSt4priv7__ucopyIPcS1_iEET0_T_S3_S2_RKSt26random_access_iterator_tagPT1_</name>
         <load_address>0x37e2</load_address>
         <run_address>0x37e2</run_address>
         <size>0x46</size>
         <input_file_ref idref="fl-2"/>
      </object_component>
      <object_component id="oc-5a9">
         <name>.text</name>
         <load_address>0x3828</load_address>
         <run_address>0x3828</run_address>
         <size>0x44</size>
         <input_file_ref idref="fl-e4"/>
      </object_component>
      <object_component id="oc-5c1">
         <name>.text</name>
         <load_address>0x386c</load_address>
         <run_address>0x386c</run_address>
         <size>0x44</size>
         <input_file_ref idref="fl-e9"/>
      </object_component>
      <object_component id="oc-10c">
         <name>.text:_ZN10uartformatD1Ev</name>
         <load_address>0x38b0</load_address>
         <run_address>0x38b0</run_address>
         <size>0x3e</size>
         <input_file_ref idref="fl-a"/>
      </object_component>
      <object_component id="oc-2ef">
         <name>.text:_ZNSs19_M_range_initializeEPKcS0_</name>
         <load_address>0x38ee</load_address>
         <run_address>0x38ee</run_address>
         <size>0x3c</size>
         <input_file_ref idref="fl-2"/>
      </object_component>
      <object_component id="oc-16c">
         <name>.text:_ZNSsC1ERKSs</name>
         <load_address>0x392a</load_address>
         <run_address>0x392a</run_address>
         <size>0x3a</size>
         <input_file_ref idref="fl-2"/>
      </object_component>
      <object_component id="oc-613">
         <name>.text</name>
         <load_address>0x3964</load_address>
         <run_address>0x3964</run_address>
         <size>0x36</size>
         <input_file_ref idref="fl-f7"/>
      </object_component>
      <object_component id="oc-37b">
         <name>.text</name>
         <load_address>0x399a</load_address>
         <run_address>0x399a</run_address>
         <size>0x2</size>
         <input_file_ref idref="fl-d5"/>
      </object_component>
      <object_component id="oc-173">
         <name>.text</name>
         <load_address>0x399c</load_address>
         <run_address>0x399c</run_address>
         <size>0x30</size>
         <input_file_ref idref="fl-d4"/>
      </object_component>
      <object_component id="oc-464">
         <name>.text:_ZNSt4priv15__ucopy_trivialEPKvS1_Pv</name>
         <load_address>0x39cc</load_address>
         <run_address>0x39cc</run_address>
         <size>0x2c</size>
         <input_file_ref idref="fl-2"/>
      </object_component>
      <object_component id="oc-5e0">
         <name>.text</name>
         <load_address>0x39f8</load_address>
         <run_address>0x39f8</run_address>
         <size>0x2c</size>
         <input_file_ref idref="fl-f8"/>
      </object_component>
      <object_component id="oc-427">
         <name>.text:_ZNSt4priv12_String_baseIcSaIcEE19_M_deallocate_blockEv</name>
         <load_address>0x3a24</load_address>
         <run_address>0x3a24</run_address>
         <size>0x2a</size>
         <input_file_ref idref="fl-2"/>
      </object_component>
      <object_component id="oc-13e">
         <name>.text</name>
         <load_address>0x3a4e</load_address>
         <run_address>0x3a4e</run_address>
         <size>0x2</size>
         <input_file_ref idref="fl-ed"/>
      </object_component>
      <object_component id="oc-557">
         <name>.text</name>
         <load_address>0x3a50</load_address>
         <run_address>0x3a50</run_address>
         <size>0x28</size>
         <input_file_ref idref="fl-eb"/>
      </object_component>
      <object_component id="oc-4be">
         <name>.text</name>
         <load_address>0x3a78</load_address>
         <run_address>0x3a78</run_address>
         <size>0x28</size>
         <input_file_ref idref="fl-db"/>
      </object_component>
      <object_component id="oc-404">
         <name>.text:_ZNKSt4priv12_String_baseIcSaIcEE7_M_restEv</name>
         <load_address>0x3aa0</load_address>
         <run_address>0x3aa0</run_address>
         <size>0x26</size>
         <input_file_ref idref="fl-2"/>
      </object_component>
      <object_component id="oc-bf">
         <name>.text:_ZNSs2atEj</name>
         <load_address>0x3ac6</load_address>
         <run_address>0x3ac6</run_address>
         <size>0x26</size>
         <input_file_ref idref="fl-a"/>
      </object_component>
      <object_component id="oc-e5">
         <name>.text:_ZNSsC1EPKcRKSaIcE</name>
         <load_address>0x3aec</load_address>
         <run_address>0x3aec</run_address>
         <size>0x26</size>
         <input_file_ref idref="fl-4"/>
      </object_component>
      <object_component id="oc-3c0">
         <name>.text:_ZNSt4priv12_String_baseIcSaIcEEC1ERKS1_j</name>
         <load_address>0x3b12</load_address>
         <run_address>0x3b12</run_address>
         <size>0x26</size>
         <input_file_ref idref="fl-a"/>
      </object_component>
      <object_component id="oc-456">
         <name>.text:_ZNKSt4priv12_String_baseIcSaIcEE8max_sizeEv</name>
         <load_address>0x3b38</load_address>
         <run_address>0x3b38</run_address>
         <size>0x22</size>
         <input_file_ref idref="fl-2"/>
      </object_component>
      <object_component id="oc-42e">
         <name>.text:_ZNSt4priv12_String_baseIcSaIcEE8_M_resetEPcS3_S3_</name>
         <load_address>0x3b5a</load_address>
         <run_address>0x3b5a</run_address>
         <size>0x22</size>
         <input_file_ref idref="fl-2"/>
      </object_component>
      <object_component id="oc-179">
         <name>.text:_ZNSs6appendERKSs</name>
         <load_address>0x3b7c</load_address>
         <run_address>0x3b7c</run_address>
         <size>0x20</size>
         <input_file_ref idref="fl-5"/>
      </object_component>
      <object_component id="oc-420">
         <name>.text:_ZNSt4priv7__ucopyIPKcPcEET0_T_S5_S4_</name>
         <load_address>0x3b9c</load_address>
         <run_address>0x3b9c</run_address>
         <size>0x20</size>
         <input_file_ref idref="fl-2"/>
      </object_component>
      <object_component id="oc-419">
         <name>.text:_ZNSt4priv7__ucopyIPcS1_EET0_T_S3_S2_</name>
         <load_address>0x3bbc</load_address>
         <run_address>0x3bbc</run_address>
         <size>0x20</size>
         <input_file_ref idref="fl-2"/>
      </object_component>
      <object_component id="oc-50a">
         <name>.text:_ZSt16_Param_ConstructIccEvPT_RKT0_</name>
         <load_address>0x3bdc</load_address>
         <run_address>0x3bdc</run_address>
         <size>0x20</size>
         <input_file_ref idref="fl-2"/>
      </object_component>
      <object_component id="oc-4b2">
         <name>.text</name>
         <load_address>0x3bfc</load_address>
         <run_address>0x3bfc</run_address>
         <size>0x20</size>
         <input_file_ref idref="fl-cf"/>
      </object_component>
      <object_component id="oc-489">
         <name>.text:_ZSt3maxIjERKT_S2_S2_</name>
         <load_address>0x3c1c</load_address>
         <run_address>0x3c1c</run_address>
         <size>0x1e</size>
         <input_file_ref idref="fl-2"/>
      </object_component>
      <object_component id="oc-4db">
         <name>.text:_ZSt3minIjERKT_S2_S2_</name>
         <load_address>0x3c3a</load_address>
         <run_address>0x3c3a</run_address>
         <size>0x1e</size>
         <input_file_ref idref="fl-2"/>
      </object_component>
      <object_component id="oc-3a5">
         <name>.text:_ZNSt4priv12_String_baseIcSaIcEEC1ERKS1_</name>
         <load_address>0x3c58</load_address>
         <run_address>0x3c58</run_address>
         <size>0x1c</size>
         <input_file_ref idref="fl-2"/>
      </object_component>
      <object_component id="oc-412">
         <name>.text:_ZNSt4priv17_STLP_alloc_proxyIPccSaIcEE8allocateEjRj</name>
         <load_address>0x3c74</load_address>
         <run_address>0x3c74</run_address>
         <size>0x1c</size>
         <input_file_ref idref="fl-2"/>
      </object_component>
      <object_component id="oc-490">
         <name>.text:_ZNSt4priv17_STLP_alloc_proxyIPccSaIcEE8allocateEjRjRKSt11__true_type</name>
         <load_address>0x3c90</load_address>
         <run_address>0x3c90</run_address>
         <size>0x1c</size>
         <input_file_ref idref="fl-2"/>
      </object_component>
      <object_component id="oc-46b">
         <name>.text:_ZSt10_ConstructIcEvPT_</name>
         <load_address>0x3cac</load_address>
         <run_address>0x3cac</run_address>
         <size>0x1c</size>
         <input_file_ref idref="fl-2"/>
      </object_component>
      <object_component id="oc-190">
         <name>.text:_ZNSs6appendEPKc</name>
         <load_address>0x3cc8</load_address>
         <run_address>0x3cc8</run_address>
         <size>0x1a</size>
         <input_file_ref idref="fl-2"/>
      </object_component>
      <object_component id="oc-f6">
         <name>.text:_ZNSsC1ERKSaIcE</name>
         <load_address>0x3ce2</load_address>
         <run_address>0x3ce2</run_address>
         <size>0x1a</size>
         <input_file_ref idref="fl-a"/>
      </object_component>
      <object_component id="oc-44d">
         <name>.text:_ZNSt4priv17_STLP_alloc_proxyIPccSaIcEEC1ERKS2_S1_</name>
         <load_address>0x3cfc</load_address>
         <run_address>0x3cfc</run_address>
         <size>0x1a</size>
         <input_file_ref idref="fl-2"/>
      </object_component>
      <object_component id="oc-47b">
         <name>.text:_ZNKSt4priv12_String_baseIcSaIcEE19_M_using_static_bufEv</name>
         <load_address>0x3d16</load_address>
         <run_address>0x3d16</run_address>
         <size>0x18</size>
         <input_file_ref idref="fl-2"/>
      </object_component>
      <object_component id="oc-81">
         <name>.text</name>
         <load_address>0x3d30</load_address>
         <run_address>0x3d30</run_address>
         <size>0x18</size>
         <input_file_ref idref="fl-de"/>
      </object_component>
      <object_component id="oc-607">
         <name>.text</name>
         <load_address>0x3d48</load_address>
         <run_address>0x3d48</run_address>
         <size>0x18</size>
         <input_file_ref idref="fl-f6"/>
      </object_component>
      <object_component id="oc-2c2">
         <name>.text:_ZNKSs4sizeEv</name>
         <load_address>0x3d60</load_address>
         <run_address>0x3d60</run_address>
         <size>0x16</size>
         <input_file_ref idref="fl-2"/>
      </object_component>
      <object_component id="oc-4a5">
         <name>.text:_ZNSaIcE10deallocateEPcj</name>
         <load_address>0x3d76</load_address>
         <run_address>0x3d76</run_address>
         <size>0x16</size>
         <input_file_ref idref="fl-2"/>
      </object_component>
      <object_component id="oc-3f1">
         <name>.text:_ZNSt4priv12_String_baseIcSaIcEED1Ev</name>
         <load_address>0x3d8c</load_address>
         <run_address>0x3d8c</run_address>
         <size>0x16</size>
         <input_file_ref idref="fl-2"/>
      </object_component>
      <object_component id="oc-549">
         <name>.text:_ZSt20_Param_Construct_auxIccEvPT_RKT0_RKSt11__true_type</name>
         <load_address>0x3da2</load_address>
         <run_address>0x3da2</run_address>
         <size>0x16</size>
         <input_file_ref idref="fl-2"/>
      </object_component>
      <object_component id="oc-60d">
         <name>.text</name>
         <load_address>0x3db8</load_address>
         <run_address>0x3db8</run_address>
         <size>0x16</size>
         <input_file_ref idref="fl-f5"/>
      </object_component>
      <object_component id="oc-2ff">
         <name>.text:_ZNSs19_M_terminate_stringEv</name>
         <load_address>0x3dce</load_address>
         <run_address>0x3dce</run_address>
         <size>0x14</size>
         <input_file_ref idref="fl-2"/>
      </object_component>
      <object_component id="oc-43c">
         <name>.text:_ZNSt11char_traitsIcE6assignERcRKc</name>
         <load_address>0x3de2</load_address>
         <run_address>0x3de2</run_address>
         <size>0x14</size>
         <input_file_ref idref="fl-2"/>
      </object_component>
      <object_component id="oc-2f8">
         <name>.text:_ZNSt4priv12_String_baseIcSaIcEEC2ERKS1_j</name>
         <load_address>0x3df6</load_address>
         <run_address>0x3df6</run_address>
         <size>0x14</size>
         <input_file_ref idref="fl-a"/>
      </object_component>
      <object_component id="oc-3b9">
         <name>.text:_ZSt18uninitialized_copyPKcS0_Pc</name>
         <load_address>0x3e0a</load_address>
         <run_address>0x3e0a</run_address>
         <size>0x14</size>
         <input_file_ref idref="fl-2"/>
      </object_component>
      <object_component id="oc-34b">
         <name>.text</name>
         <load_address>0x3e20</load_address>
         <run_address>0x3e20</run_address>
         <size>0x14</size>
         <input_file_ref idref="fl-dd"/>
      </object_component>
      <object_component id="oc-5ff">
         <name>.text</name>
         <load_address>0x3e34</load_address>
         <run_address>0x3e34</run_address>
         <size>0x14</size>
         <input_file_ref idref="fl-ee"/>
      </object_component>
      <object_component id="oc-3ac">
         <name>.text</name>
         <load_address>0x3e48</load_address>
         <run_address>0x3e48</run_address>
         <size>0x14</size>
         <input_file_ref idref="fl-d8"/>
      </object_component>
      <object_component id="oc-363">
         <name>.text:_ZNKSs13get_allocatorEv</name>
         <load_address>0x3e5c</load_address>
         <run_address>0x3e5c</run_address>
         <size>0x12</size>
         <input_file_ref idref="fl-2"/>
      </object_component>
      <object_component id="oc-4ee">
         <name>.text:_ZSt14_Construct_auxIcEvPT_RKSt11__true_type</name>
         <load_address>0x3e6e</load_address>
         <run_address>0x3e6e</run_address>
         <size>0x12</size>
         <input_file_ref idref="fl-2"/>
      </object_component>
      <object_component id="oc-45d">
         <name>.text:_ZNKSt4priv12_String_baseIcSaIcEE21_M_throw_length_errorEv</name>
         <load_address>0x3e80</load_address>
         <run_address>0x3e80</run_address>
         <size>0x10</size>
         <input_file_ref idref="fl-2"/>
      </object_component>
      <object_component id="oc-2c9">
         <name>.text:_ZNKSt4priv12_String_baseIcSaIcEE21_M_throw_out_of_rangeEv</name>
         <load_address>0x3e90</load_address>
         <run_address>0x3e90</run_address>
         <size>0x10</size>
         <input_file_ref idref="fl-a"/>
      </object_component>
      <object_component id="oc-4cb">
         <name>.text:_ZNSaIcEC2ERKS_</name>
         <load_address>0x3ea0</load_address>
         <run_address>0x3ea0</run_address>
         <size>0x10</size>
         <input_file_ref idref="fl-2"/>
      </object_component>
      <object_component id="oc-2e1">
         <name>.text:_ZNSt4priv12_String_baseIcSaIcEEC2ERKS1_</name>
         <load_address>0x3eb0</load_address>
         <run_address>0x3eb0</run_address>
         <size>0x10</size>
         <input_file_ref idref="fl-2"/>
      </object_component>
      <object_component id="oc-153">
         <name>.text</name>
         <load_address>0x3ec0</load_address>
         <run_address>0x3ec0</run_address>
         <size>0x10</size>
         <input_file_ref idref="fl-3"/>
      </object_component>
      <object_component id="oc-4d4">
         <name>.text:_ZNKSaIcE8max_sizeEv</name>
         <load_address>0x3ed0</load_address>
         <run_address>0x3ed0</run_address>
         <size>0xe</size>
         <input_file_ref idref="fl-2"/>
      </object_component>
      <object_component id="oc-3ce">
         <name>.text:_ZNKSs17_M_construct_nullEPc</name>
         <load_address>0x3ede</load_address>
         <run_address>0x3ede</run_address>
         <size>0xe</size>
         <input_file_ref idref="fl-2"/>
      </object_component>
      <object_component id="oc-36a">
         <name>.text:_ZNKSt4priv12_String_baseIcSaIcEE8_M_StartEv</name>
         <load_address>0x3eec</load_address>
         <run_address>0x3eec</run_address>
         <size>0xe</size>
         <input_file_ref idref="fl-2"/>
      </object_component>
      <object_component id="oc-371">
         <name>.text:_ZNKSt4priv12_String_baseIcSaIcEE9_M_FinishEv</name>
         <load_address>0x3efa</load_address>
         <run_address>0x3efa</run_address>
         <size>0xe</size>
         <input_file_ref idref="fl-2"/>
      </object_component>
      <object_component id="oc-3f8">
         <name>.text:_ZNSaIcEC1ERKS_</name>
         <load_address>0x3f08</load_address>
         <run_address>0x3f08</run_address>
         <size>0xe</size>
         <input_file_ref idref="fl-2"/>
      </object_component>
      <object_component id="oc-159">
         <name>.text:_ZNSsD1Ev</name>
         <load_address>0x3f16</load_address>
         <run_address>0x3f16</run_address>
         <size>0xe</size>
         <input_file_ref idref="fl-2"/>
      </object_component>
      <object_component id="oc-511">
         <name>.text:_ZNSt11__new_alloc10deallocateEPvj</name>
         <load_address>0x3f24</load_address>
         <run_address>0x3f24</run_address>
         <size>0xe</size>
         <input_file_ref idref="fl-2"/>
      </object_component>
      <object_component id="oc-2d0">
         <name>.text:_ZNSt4priv12_String_baseIcSaIcEE8_M_StartEv</name>
         <load_address>0x3f32</load_address>
         <run_address>0x3f32</run_address>
         <size>0xe</size>
         <input_file_ref idref="fl-2"/>
      </object_component>
      <object_component id="oc-3c7">
         <name>.text:_ZNSt4priv12_String_baseIcSaIcEE9_M_FinishEv</name>
         <load_address>0x3f40</load_address>
         <run_address>0x3f40</run_address>
         <size>0xe</size>
         <input_file_ref idref="fl-2"/>
      </object_component>
      <object_component id="oc-474">
         <name>.text:_ZNSt4priv17_STLP_alloc_proxyIPccSaIcEED1Ev</name>
         <load_address>0x3f4e</load_address>
         <run_address>0x3f4e</run_address>
         <size>0xe</size>
         <input_file_ref idref="fl-2"/>
      </object_component>
      <object_component id="oc-4e7">
         <name>.text:_ZSt7_Is_PODIcESt6_IsPODIT_EPS1_</name>
         <load_address>0x3f5c</load_address>
         <run_address>0x3f5c</run_address>
         <size>0xe</size>
         <input_file_ref idref="fl-2"/>
      </object_component>
      <object_component id="oc-18">
         <name>.text:decompress:none</name>
         <load_address>0x3f6a</load_address>
         <run_address>0x3f6a</run_address>
         <size>0xe</size>
         <input_file_ref idref="fl-c8"/>
      </object_component>
      <object_component id="oc-c6">
         <name>.text:_ZNKSs6lengthEv</name>
         <load_address>0x3f78</load_address>
         <run_address>0x3f78</run_address>
         <size>0xc</size>
         <input_file_ref idref="fl-a"/>
      </object_component>
      <object_component id="oc-482">
         <name>.text:_ZNKSs8max_sizeEv</name>
         <load_address>0x3f84</load_address>
         <run_address>0x3f84</run_address>
         <size>0xc</size>
         <input_file_ref idref="fl-2"/>
      </object_component>
      <object_component id="oc-de">
         <name>.text:_ZNSaIcEC1Ev</name>
         <load_address>0x3f90</load_address>
         <run_address>0x3f90</run_address>
         <size>0xc</size>
         <input_file_ref idref="fl-4"/>
      </object_component>
      <object_component id="oc-ec">
         <name>.text:_ZNSaIcED1Ev</name>
         <load_address>0x3f9c</load_address>
         <run_address>0x3f9c</run_address>
         <size>0xc</size>
         <input_file_ref idref="fl-2"/>
      </object_component>
      <object_component id="oc-4fc">
         <name>.text:_ZNSaIcED2Ev</name>
         <load_address>0x3fa8</load_address>
         <run_address>0x3fa8</run_address>
         <size>0xc</size>
         <input_file_ref idref="fl-2"/>
      </object_component>
      <object_component id="oc-435">
         <name>.text:_ZNSs3endEv</name>
         <load_address>0x3fb4</load_address>
         <run_address>0x3fb4</run_address>
         <size>0xc</size>
         <input_file_ref idref="fl-2"/>
      </object_component>
      <object_component id="oc-53d">
         <name>.text:_ZNSt11__new_alloc8allocateEj</name>
         <load_address>0x3fc0</load_address>
         <run_address>0x3fc0</run_address>
         <size>0xc</size>
         <input_file_ref idref="fl-2"/>
      </object_component>
      <object_component id="oc-2e8">
         <name>.text:_ZNSt11char_traitsIcE6lengthEPKc</name>
         <load_address>0x3fcc</load_address>
         <run_address>0x3fcc</run_address>
         <size>0xc</size>
         <input_file_ref idref="fl-2"/>
      </object_component>
      <object_component id="oc-358">
         <name>.text:_ZNSt4priv12_String_baseIcSaIcEED2Ev</name>
         <load_address>0x3fd8</load_address>
         <run_address>0x3fd8</run_address>
         <size>0xc</size>
         <input_file_ref idref="fl-2"/>
      </object_component>
      <object_component id="oc-4f5">
         <name>.text:_ZNSt6_IsPODIcE7_AnswerEv</name>
         <load_address>0x3fe4</load_address>
         <run_address>0x3fe4</run_address>
         <size>0xc</size>
         <input_file_ref idref="fl-2"/>
      </object_component>
      <object_component id="oc-550">
         <name>.text:_ZSt12__stl_deletePv</name>
         <load_address>0x3ff0</load_address>
         <run_address>0x3ff0</run_address>
         <size>0xc</size>
         <input_file_ref idref="fl-2"/>
      </object_component>
      <object_component id="oc-587">
         <name>.text:_ZSt9__stl_newj</name>
         <load_address>0x3ffc</load_address>
         <run_address>0x3ffc</run_address>
         <size>0xc</size>
         <input_file_ref idref="fl-2"/>
      </object_component>
      <object_component id="oc-1e">
         <name>.text:decompress:ZI</name>
         <load_address>0x4008</load_address>
         <run_address>0x4008</run_address>
         <size>0xc</size>
         <input_file_ref idref="fl-c9"/>
      </object_component>
      <object_component id="oc-31">
         <name>.text</name>
         <load_address>0x4014</load_address>
         <run_address>0x4014</run_address>
         <size>0xc</size>
         <input_file_ref idref="fl-9"/>
      </object_component>
      <object_component id="oc-2b9">
         <name>.text</name>
         <load_address>0x4020</load_address>
         <run_address>0x4020</run_address>
         <size>0x8</size>
         <input_file_ref idref="fl-ca"/>
      </object_component>
      <object_component id="oc-75">
         <name>.text</name>
         <load_address>0x4028</load_address>
         <run_address>0x4028</run_address>
         <size>0x4</size>
         <input_file_ref idref="fl-d6"/>
      </object_component>
      <object_component id="oc-544">
         <name>.const:.string:_ZZNSaIcE11_M_allocateEjRjEs</name>
         <load_address>0x402c</load_address>
         <run_address>0x402c</run_address>
         <size>0xf</size>
         <input_file_ref idref="fl-2"/>
      </object_component>
      <object_component id="oc-4e2">
         <name>.const:.string:_ZZNKSt4priv12_String_baseIcSaIcEE21_M_throw_length_errorEvEs</name>
         <load_address>0x403b</load_address>
         <run_address>0x403b</run_address>
         <size>0xd</size>
         <input_file_ref idref="fl-2"/>
      </object_component>
      <object_component id="oc-3a0">
         <name>.const:.string:_ZZNKSt4priv12_String_baseIcSaIcEE21_M_throw_out_of_rangeEvEs</name>
         <load_address>0x4048</load_address>
         <run_address>0x4048</run_address>
         <size>0xd</size>
         <input_file_ref idref="fl-a"/>
      </object_component>
      <object_component id="oc-67b">
         <name>.cinit..data.load</name>
         <load_address>0x4068</load_address>
         <run_address>0x4068</run_address>
         <size>0x71</size>
      </object_component>
      <object_component id="oc-679">
         <name>__TI_handler_table</name>
         <load_address>0x40dc</load_address>
         <run_address>0x40dc</run_address>
         <size>0xc</size>
      </object_component>
      <object_component id="oc-67c">
         <name>.cinit..bss.load</name>
         <load_address>0x40e8</load_address>
         <run_address>0x40e8</run_address>
         <size>0x8</size>
      </object_component>
      <object_component id="oc-67a">
         <name>__TI_cinit_table</name>
         <load_address>0x40f0</load_address>
         <run_address>0x40f0</run_address>
         <size>0x10</size>
      </object_component>
      <object_component id="oc-2a">
         <name>.init_array</name>
         <load_address>0x4058</load_address>
         <run_address>0x4058</run_address>
         <size>0x4</size>
         <input_file_ref idref="fl-4"/>
      </object_component>
      <object_component id="oc-2b">
         <name>.init_array</name>
         <load_address>0x405c</load_address>
         <run_address>0x405c</run_address>
         <size>0x4</size>
         <input_file_ref idref="fl-5"/>
      </object_component>
      <object_component id="oc-2c">
         <name>.init_array</name>
         <load_address>0x4060</load_address>
         <run_address>0x4060</run_address>
         <size>0x4</size>
         <input_file_ref idref="fl-a"/>
      </object_component>
      <object_component id="oc-67d">
         <name>SHT$$INIT_ARRAY$$Limit</name>
         <load_address>0x4064</load_address>
         <run_address>0x4064</run_address>
         <size>0x0</size>
      </object_component>
      <object_component id="oc-a8">
         <name>.data</name>
         <load_address>0x20010ffc</load_address>
         <run_address>0x20010ffc</run_address>
         <size>0xd</size>
         <input_file_ref idref="fl-4"/>
      </object_component>
      <object_component id="oc-30c">
         <name>.data</name>
         <load_address>0x2001102c</load_address>
         <run_address>0x2001102c</run_address>
         <size>0x4</size>
         <input_file_ref idref="fl-cc"/>
      </object_component>
      <object_component id="oc-148">
         <name>.data:$O1$$</name>
         <load_address>0x2001100c</load_address>
         <run_address>0x2001100c</run_address>
         <size>0xc</size>
         <input_file_ref idref="fl-cd"/>
      </object_component>
      <object_component id="oc-3d5">
         <name>.data:$O1$$</name>
         <load_address>0x20011018</load_address>
         <run_address>0x20011018</run_address>
         <size>0xc</size>
         <input_file_ref idref="fl-d1"/>
      </object_component>
      <object_component id="oc-8d">
         <name>.data</name>
         <load_address>0x20011038</load_address>
         <run_address>0x20011038</run_address>
         <size>0x4</size>
         <input_file_ref idref="fl-d7"/>
      </object_component>
      <object_component id="oc-378">
         <name>.data</name>
         <load_address>0x2001103c</load_address>
         <run_address>0x2001103c</run_address>
         <size>0x4</size>
         <input_file_ref idref="fl-d9"/>
      </object_component>
      <object_component id="oc-574">
         <name>.data:_device</name>
         <load_address>0x20010f24</load_address>
         <run_address>0x20010f24</run_address>
         <size>0x78</size>
         <input_file_ref idref="fl-db"/>
      </object_component>
      <object_component id="oc-52d">
         <name>.data:_stream</name>
         <load_address>0x20010f9c</load_address>
         <run_address>0x20010f9c</run_address>
         <size>0x50</size>
         <input_file_ref idref="fl-db"/>
      </object_component>
      <object_component id="oc-14b">
         <name>.data:$O1$$</name>
         <load_address>0x20011024</load_address>
         <run_address>0x20011024</run_address>
         <size>0x8</size>
         <input_file_ref idref="fl-dd"/>
      </object_component>
      <object_component id="oc-4c4">
         <name>.data:_ftable</name>
         <load_address>0x20010e34</load_address>
         <run_address>0x20010e34</run_address>
         <size>0xf0</size>
         <input_file_ref idref="fl-e1"/>
      </object_component>
      <object_component id="oc-528">
         <name>.data</name>
         <load_address>0x20010fec</load_address>
         <run_address>0x20010fec</run_address>
         <size>0x10</size>
         <input_file_ref idref="fl-e1"/>
      </object_component>
      <object_component id="oc-59e">
         <name>.data</name>
         <load_address>0x20011030</load_address>
         <run_address>0x20011030</run_address>
         <size>0x4</size>
         <input_file_ref idref="fl-f0"/>
      </object_component>
      <object_component id="oc-5d7">
         <name>.data</name>
         <load_address>0x20011034</load_address>
         <run_address>0x20011034</run_address>
         <size>0x4</size>
         <input_file_ref idref="fl-f1"/>
      </object_component>
      <object_component id="oc-db">
         <name>.bss:UART0_TX_BUFFER</name>
         <uninitialized>true</uninitialized>
         <run_address>0x20010a08</run_address>
         <size>0x14</size>
         <input_file_ref idref="fl-4"/>
      </object_component>
      <object_component id="oc-160">
         <name>.bss:procqueue</name>
         <uninitialized>true</uninitialized>
         <run_address>0x200109f0</run_address>
         <size>0x18</size>
         <input_file_ref idref="fl-4"/>
      </object_component>
      <object_component id="oc-163">
         <name>.bss:msgqueue</name>
         <uninitialized>true</uninitialized>
         <run_address>0x200108f8</run_address>
         <size>0x80</size>
         <input_file_ref idref="fl-4"/>
      </object_component>
      <object_component id="oc-180">
         <name>.bss:priorities</name>
         <uninitialized>true</uninitialized>
         <run_address>0x20010978</run_address>
         <size>0x78</size>
         <input_file_ref idref="fl-5"/>
      </object_component>
      <object_component id="oc-f3">
         <name>.bss:FormatTable</name>
         <uninitialized>true</uninitialized>
         <run_address>0x20010000</run_address>
         <size>0x738</size>
         <input_file_ref idref="fl-a"/>
      </object_component>
      <object_component id="oc-623">
         <name>.bss:_CIOBUF_</name>
         <uninitialized>true</uninitialized>
         <run_address>0x20010738</run_address>
         <size>0x120</size>
         <input_file_ref idref="fl-ef"/>
      </object_component>
      <object_component id="oc-cd">
         <name>.common:Data</name>
         <uninitialized>true</uninitialized>
         <run_address>0x20010a30</run_address>
         <size>0x1</size>
      </object_component>
      <object_component id="oc-da">
         <name>.common:GotData</name>
         <uninitialized>true</uninitialized>
         <run_address>0x20010a24</run_address>
         <size>0x4</size>
      </object_component>
      <object_component id="oc-ab">
         <name>.common:running</name>
         <uninitialized>true</uninitialized>
         <run_address>0x20010a2c</run_address>
         <size>0x4</size>
      </object_component>
      <object_component id="oc-109">
         <name>.common:__dso_handle</name>
         <uninitialized>true</uninitialized>
         <run_address>0x20010a28</run_address>
         <size>0x4</size>
      </object_component>
      <object_component id="oc-5e6">
         <name>.common:__TI_tmpnams</name>
         <uninitialized>true</uninitialized>
         <run_address>0x20010858</run_address>
         <size>0xa0</size>
      </object_component>
      <object_component id="oc-5f1">
         <name>.common:parmbuf</name>
         <uninitialized>true</uninitialized>
         <run_address>0x20010a1c</run_address>
         <size>0x8</size>
      </object_component>
      <object_component id="oc-2e">
         <name>.sysmem</name>
         <uninitialized>true</uninitialized>
         <run_address>0x20000000</run_address>
         <size>0x8</size>
         <input_file_ref idref="fl-d1"/>
      </object_component>
      <object_component id="oc-67f">
         <name>.sysmem</name>
         <uninitialized>true</uninitialized>
         <run_address>0x20000000</run_address>
         <size>0x0</size>
      </object_component>
      <object_component id="oc-2d">
         <name>.stack</name>
         <uninitialized>true</uninitialized>
         <run_address>0x20010a34</run_address>
         <size>0x0</size>
         <input_file_ref idref="fl-c6"/>
      </object_component>
      <object_component id="oc-67e">
         <name>.stack</name>
         <uninitialized>true</uninitialized>
         <run_address>0x20010a34</run_address>
         <size>0x0</size>
      </object_component>
      <object_component id="oc-ce">
         <name>.debug_info</name>
         <load_address>0x0</load_address>
         <run_address>0x0</run_address>
         <size>0x5458</size>
         <input_file_ref idref="fl-2"/>
      </object_component>
      <object_component id="oc-545">
         <name>.debug_info</name>
         <load_address>0x5458</load_address>
         <run_address>0x5458</run_address>
         <size>0x14a</size>
         <input_file_ref idref="fl-2"/>
      </object_component>
      <object_component id="oc-4e3">
         <name>.debug_info</name>
         <load_address>0x55a2</load_address>
         <run_address>0x55a2</run_address>
         <size>0x17e</size>
         <input_file_ref idref="fl-2"/>
      </object_component>
      <object_component id="oc-53e">
         <name>.debug_info</name>
         <load_address>0x5720</load_address>
         <run_address>0x5720</run_address>
         <size>0x20e</size>
         <input_file_ref idref="fl-2"/>
      </object_component>
      <object_component id="oc-512">
         <name>.debug_info</name>
         <load_address>0x592e</load_address>
         <run_address>0x592e</run_address>
         <size>0x241</size>
         <input_file_ref idref="fl-2"/>
      </object_component>
      <object_component id="oc-2e9">
         <name>.debug_info</name>
         <load_address>0x5b6f</load_address>
         <run_address>0x5b6f</run_address>
         <size>0x210</size>
         <input_file_ref idref="fl-2"/>
      </object_component>
      <object_component id="oc-43d">
         <name>.debug_info</name>
         <load_address>0x5d7f</load_address>
         <run_address>0x5d7f</run_address>
         <size>0x22c</size>
         <input_file_ref idref="fl-2"/>
      </object_component>
      <object_component id="oc-3f9">
         <name>.debug_info</name>
         <load_address>0x5fab</load_address>
         <run_address>0x5fab</run_address>
         <size>0x219</size>
         <input_file_ref idref="fl-2"/>
      </object_component>
      <object_component id="oc-4cc">
         <name>.debug_info</name>
         <load_address>0x61c4</load_address>
         <run_address>0x61c4</run_address>
         <size>0x19e</size>
         <input_file_ref idref="fl-2"/>
      </object_component>
      <object_component id="oc-ed">
         <name>.debug_info</name>
         <load_address>0x6362</load_address>
         <run_address>0x6362</run_address>
         <size>0x1f0</size>
         <input_file_ref idref="fl-2"/>
      </object_component>
      <object_component id="oc-4fd">
         <name>.debug_info</name>
         <load_address>0x6552</load_address>
         <run_address>0x6552</run_address>
         <size>0x176</size>
         <input_file_ref idref="fl-2"/>
      </object_component>
      <object_component id="oc-4a6">
         <name>.debug_info</name>
         <load_address>0x66c8</load_address>
         <run_address>0x66c8</run_address>
         <size>0x263</size>
         <input_file_ref idref="fl-2"/>
      </object_component>
      <object_component id="oc-4d5">
         <name>.debug_info</name>
         <load_address>0x692b</load_address>
         <run_address>0x692b</run_address>
         <size>0x1f6</size>
         <input_file_ref idref="fl-2"/>
      </object_component>
      <object_component id="oc-504">
         <name>.debug_info</name>
         <load_address>0x6b21</load_address>
         <run_address>0x6b21</run_address>
         <size>0x2f9</size>
         <input_file_ref idref="fl-2"/>
      </object_component>
      <object_component id="oc-364">
         <name>.debug_info</name>
         <load_address>0x6e1a</load_address>
         <run_address>0x6e1a</run_address>
         <size>0x232</size>
         <input_file_ref idref="fl-2"/>
      </object_component>
      <object_component id="oc-40c">
         <name>.debug_info</name>
         <load_address>0x704c</load_address>
         <run_address>0x704c</run_address>
         <size>0x30f</size>
         <input_file_ref idref="fl-2"/>
      </object_component>
      <object_component id="oc-3cf">
         <name>.debug_info</name>
         <load_address>0x735b</load_address>
         <run_address>0x735b</run_address>
         <size>0x246</size>
         <input_file_ref idref="fl-2"/>
      </object_component>
      <object_component id="oc-300">
         <name>.debug_info</name>
         <load_address>0x75a1</load_address>
         <run_address>0x75a1</run_address>
         <size>0x261</size>
         <input_file_ref idref="fl-2"/>
      </object_component>
      <object_component id="oc-2f0">
         <name>.debug_info</name>
         <load_address>0x7802</load_address>
         <run_address>0x7802</run_address>
         <size>0x316</size>
         <input_file_ref idref="fl-2"/>
      </object_component>
      <object_component id="oc-436">
         <name>.debug_info</name>
         <load_address>0x7b18</load_address>
         <run_address>0x7b18</run_address>
         <size>0x21d</size>
         <input_file_ref idref="fl-2"/>
      </object_component>
      <object_component id="oc-2c3">
         <name>.debug_info</name>
         <load_address>0x7d35</load_address>
         <run_address>0x7d35</run_address>
         <size>0x254</size>
         <input_file_ref idref="fl-2"/>
      </object_component>
      <object_component id="oc-483">
         <name>.debug_info</name>
         <load_address>0x7f89</load_address>
         <run_address>0x7f89</run_address>
         <size>0x228</size>
         <input_file_ref idref="fl-2"/>
      </object_component>
      <object_component id="oc-191">
         <name>.debug_info</name>
         <load_address>0x81b1</load_address>
         <run_address>0x81b1</run_address>
         <size>0x255</size>
         <input_file_ref idref="fl-2"/>
      </object_component>
      <object_component id="oc-15a">
         <name>.debug_info</name>
         <load_address>0x8406</load_address>
         <run_address>0x8406</run_address>
         <size>0x189</size>
         <input_file_ref idref="fl-2"/>
      </object_component>
      <object_component id="oc-4f6">
         <name>.debug_info</name>
         <load_address>0x858f</load_address>
         <run_address>0x858f</run_address>
         <size>0x1f5</size>
         <input_file_ref idref="fl-2"/>
      </object_component>
      <object_component id="oc-44e">
         <name>.debug_info</name>
         <load_address>0x8784</load_address>
         <run_address>0x8784</run_address>
         <size>0x271</size>
         <input_file_ref idref="fl-2"/>
      </object_component>
      <object_component id="oc-413">
         <name>.debug_info</name>
         <load_address>0x89f5</load_address>
         <run_address>0x89f5</run_address>
         <size>0x2dc</size>
         <input_file_ref idref="fl-2"/>
      </object_component>
      <object_component id="oc-491">
         <name>.debug_info</name>
         <load_address>0x8cd1</load_address>
         <run_address>0x8cd1</run_address>
         <size>0x2d4</size>
         <input_file_ref idref="fl-2"/>
      </object_component>
      <object_component id="oc-475">
         <name>.debug_info</name>
         <load_address>0x8fa5</load_address>
         <run_address>0x8fa5</run_address>
         <size>0x198</size>
         <input_file_ref idref="fl-2"/>
      </object_component>
      <object_component id="oc-47c">
         <name>.debug_info</name>
         <load_address>0x913d</load_address>
         <run_address>0x913d</run_address>
         <size>0x22e</size>
         <input_file_ref idref="fl-2"/>
      </object_component>
      <object_component id="oc-36b">
         <name>.debug_info</name>
         <load_address>0x936b</load_address>
         <run_address>0x936b</run_address>
         <size>0x217</size>
         <input_file_ref idref="fl-2"/>
      </object_component>
      <object_component id="oc-2d1">
         <name>.debug_info</name>
         <load_address>0x9582</load_address>
         <run_address>0x9582</run_address>
         <size>0x216</size>
         <input_file_ref idref="fl-2"/>
      </object_component>
      <object_component id="oc-405">
         <name>.debug_info</name>
         <load_address>0x9798</load_address>
         <run_address>0x9798</run_address>
         <size>0x254</size>
         <input_file_ref idref="fl-2"/>
      </object_component>
      <object_component id="oc-372">
         <name>.debug_info</name>
         <load_address>0x99ec</load_address>
         <run_address>0x99ec</run_address>
         <size>0x219</size>
         <input_file_ref idref="fl-2"/>
      </object_component>
      <object_component id="oc-3c8">
         <name>.debug_info</name>
         <load_address>0x9c05</load_address>
         <run_address>0x9c05</run_address>
         <size>0x218</size>
         <input_file_ref idref="fl-2"/>
      </object_component>
      <object_component id="oc-428">
         <name>.debug_info</name>
         <load_address>0x9e1d</load_address>
         <run_address>0x9e1d</run_address>
         <size>0x28b</size>
         <input_file_ref idref="fl-2"/>
      </object_component>
      <object_component id="oc-457">
         <name>.debug_info</name>
         <load_address>0xa0a8</load_address>
         <run_address>0xa0a8</run_address>
         <size>0x2a4</size>
         <input_file_ref idref="fl-2"/>
      </object_component>
      <object_component id="oc-3a6">
         <name>.debug_info</name>
         <load_address>0xa34c</load_address>
         <run_address>0xa34c</run_address>
         <size>0x26f</size>
         <input_file_ref idref="fl-2"/>
      </object_component>
      <object_component id="oc-2e2">
         <name>.debug_info</name>
         <load_address>0xa5bb</load_address>
         <run_address>0xa5bb</run_address>
         <size>0x1d3</size>
         <input_file_ref idref="fl-2"/>
      </object_component>
      <object_component id="oc-3f2">
         <name>.debug_info</name>
         <load_address>0xa78e</load_address>
         <run_address>0xa78e</run_address>
         <size>0x284</size>
         <input_file_ref idref="fl-2"/>
      </object_component>
      <object_component id="oc-359">
         <name>.debug_info</name>
         <load_address>0xaa12</load_address>
         <run_address>0xaa12</run_address>
         <size>0x1a9</size>
         <input_file_ref idref="fl-2"/>
      </object_component>
      <object_component id="oc-42f">
         <name>.debug_info</name>
         <load_address>0xabbb</load_address>
         <run_address>0xabbb</run_address>
         <size>0x2d2</size>
         <input_file_ref idref="fl-2"/>
      </object_component>
      <object_component id="oc-465">
         <name>.debug_info</name>
         <load_address>0xae8d</load_address>
         <run_address>0xae8d</run_address>
         <size>0x292</size>
         <input_file_ref idref="fl-2"/>
      </object_component>
      <object_component id="oc-41a">
         <name>.debug_info</name>
         <load_address>0xb11f</load_address>
         <run_address>0xb11f</run_address>
         <size>0x2e1</size>
         <input_file_ref idref="fl-2"/>
      </object_component>
      <object_component id="oc-498">
         <name>.debug_info</name>
         <load_address>0xb400</load_address>
         <run_address>0xb400</run_address>
         <size>0x33c</size>
         <input_file_ref idref="fl-2"/>
      </object_component>
      <object_component id="oc-421">
         <name>.debug_info</name>
         <load_address>0xb73c</load_address>
         <run_address>0xb73c</run_address>
         <size>0x2e1</size>
         <input_file_ref idref="fl-2"/>
      </object_component>
      <object_component id="oc-49f">
         <name>.debug_info</name>
         <load_address>0xba1d</load_address>
         <run_address>0xba1d</run_address>
         <size>0x33c</size>
         <input_file_ref idref="fl-2"/>
      </object_component>
      <object_component id="oc-4dc">
         <name>.debug_info</name>
         <load_address>0xbd59</load_address>
         <run_address>0xbd59</run_address>
         <size>0x20d</size>
         <input_file_ref idref="fl-2"/>
      </object_component>
      <object_component id="oc-588">
         <name>.debug_info</name>
         <load_address>0xbf66</load_address>
         <run_address>0xbf66</run_address>
         <size>0x1f4</size>
         <input_file_ref idref="fl-2"/>
      </object_component>
      <object_component id="oc-551">
         <name>.debug_info</name>
         <load_address>0xc15a</load_address>
         <run_address>0xc15a</run_address>
         <size>0x1f9</size>
         <input_file_ref idref="fl-2"/>
      </object_component>
      <object_component id="oc-3ba">
         <name>.debug_info</name>
         <load_address>0xc353</load_address>
         <run_address>0xc353</run_address>
         <size>0x2af</size>
         <input_file_ref idref="fl-2"/>
      </object_component>
      <object_component id="oc-46c">
         <name>.debug_info</name>
         <load_address>0xc602</load_address>
         <run_address>0xc602</run_address>
         <size>0x270</size>
         <input_file_ref idref="fl-2"/>
      </object_component>
      <object_component id="oc-4e8">
         <name>.debug_info</name>
         <load_address>0xc872</load_address>
         <run_address>0xc872</run_address>
         <size>0x226</size>
         <input_file_ref idref="fl-2"/>
      </object_component>
      <object_component id="oc-4ef">
         <name>.debug_info</name>
         <load_address>0xca98</load_address>
         <run_address>0xca98</run_address>
         <size>0x23d</size>
         <input_file_ref idref="fl-2"/>
      </object_component>
      <object_component id="oc-48a">
         <name>.debug_info</name>
         <load_address>0xccd5</load_address>
         <run_address>0xccd5</run_address>
         <size>0x20d</size>
         <input_file_ref idref="fl-2"/>
      </object_component>
      <object_component id="oc-50b">
         <name>.debug_info</name>
         <load_address>0xcee2</load_address>
         <run_address>0xcee2</run_address>
         <size>0x2b5</size>
         <input_file_ref idref="fl-2"/>
      </object_component>
      <object_component id="oc-54a">
         <name>.debug_info</name>
         <load_address>0xd197</load_address>
         <run_address>0xd197</run_address>
         <size>0x276</size>
         <input_file_ref idref="fl-2"/>
      </object_component>
      <object_component id="oc-a3">
         <name>.debug_info</name>
         <load_address>0xd40d</load_address>
         <run_address>0xd40d</run_address>
         <size>0xa03</size>
         <input_file_ref idref="fl-2"/>
      </object_component>
      <object_component id="oc-16d">
         <name>.debug_info</name>
         <load_address>0xde10</load_address>
         <run_address>0xde10</run_address>
         <size>0x318</size>
         <input_file_ref idref="fl-2"/>
      </object_component>
      <object_component id="oc-389">
         <name>.debug_info</name>
         <load_address>0xe128</load_address>
         <run_address>0xe128</run_address>
         <size>0x566</size>
         <input_file_ref idref="fl-2"/>
      </object_component>
      <object_component id="oc-3b3">
         <name>.debug_info</name>
         <load_address>0xe68e</load_address>
         <run_address>0xe68e</run_address>
         <size>0x2f0</size>
         <input_file_ref idref="fl-2"/>
      </object_component>
      <object_component id="oc-45e">
         <name>.debug_info</name>
         <load_address>0xe97e</load_address>
         <run_address>0xe97e</run_address>
         <size>0x253</size>
         <input_file_ref idref="fl-2"/>
      </object_component>
      <object_component id="oc-1ab">
         <name>.debug_info</name>
         <load_address>0xebd1</load_address>
         <run_address>0xebd1</run_address>
         <size>0x794</size>
         <input_file_ref idref="fl-2"/>
      </object_component>
      <object_component id="oc-1cd">
         <name>.debug_info</name>
         <load_address>0xf365</load_address>
         <run_address>0xf365</run_address>
         <size>0x4f6</size>
         <input_file_ref idref="fl-2"/>
      </object_component>
      <object_component id="oc-1f0">
         <name>.debug_info</name>
         <load_address>0xf85b</load_address>
         <run_address>0xf85b</run_address>
         <size>0xb3b</size>
         <input_file_ref idref="fl-2"/>
      </object_component>
      <object_component id="oc-1e1">
         <name>.debug_info</name>
         <load_address>0x10396</load_address>
         <run_address>0x10396</run_address>
         <size>0xee</size>
         <input_file_ref idref="fl-2"/>
      </object_component>
      <object_component id="oc-1e6">
         <name>.debug_info</name>
         <load_address>0x10484</load_address>
         <run_address>0x10484</run_address>
         <size>0x1f0</size>
         <input_file_ref idref="fl-2"/>
      </object_component>
      <object_component id="oc-19c">
         <name>.debug_info</name>
         <load_address>0x10674</load_address>
         <run_address>0x10674</run_address>
         <size>0xd8</size>
         <input_file_ref idref="fl-2"/>
      </object_component>
      <object_component id="oc-1a1">
         <name>.debug_info</name>
         <load_address>0x1074c</load_address>
         <run_address>0x1074c</run_address>
         <size>0x80f</size>
         <input_file_ref idref="fl-2"/>
      </object_component>
      <object_component id="oc-1a6">
         <name>.debug_info</name>
         <load_address>0x10f5b</load_address>
         <run_address>0x10f5b</run_address>
         <size>0x2a3</size>
         <input_file_ref idref="fl-2"/>
      </object_component>
      <object_component id="oc-1b0">
         <name>.debug_info</name>
         <load_address>0x111fe</load_address>
         <run_address>0x111fe</run_address>
         <size>0x3908</size>
         <input_file_ref idref="fl-2"/>
      </object_component>
      <object_component id="oc-1b5">
         <name>.debug_info</name>
         <load_address>0x14b06</load_address>
         <run_address>0x14b06</run_address>
         <size>0xc1</size>
         <input_file_ref idref="fl-2"/>
      </object_component>
      <object_component id="oc-1ba">
         <name>.debug_info</name>
         <load_address>0x14bc7</load_address>
         <run_address>0x14bc7</run_address>
         <size>0x12cf</size>
         <input_file_ref idref="fl-2"/>
      </object_component>
      <object_component id="oc-1bf">
         <name>.debug_info</name>
         <load_address>0x15e96</load_address>
         <run_address>0x15e96</run_address>
         <size>0xc1b</size>
         <input_file_ref idref="fl-2"/>
      </object_component>
      <object_component id="oc-1c4">
         <name>.debug_info</name>
         <load_address>0x16ab1</load_address>
         <run_address>0x16ab1</run_address>
         <size>0x5e</size>
         <input_file_ref idref="fl-2"/>
      </object_component>
      <object_component id="oc-1c8">
         <name>.debug_info</name>
         <load_address>0x16b0f</load_address>
         <run_address>0x16b0f</run_address>
         <size>0x374</size>
         <input_file_ref idref="fl-2"/>
      </object_component>
      <object_component id="oc-1d2">
         <name>.debug_info</name>
         <load_address>0x16e83</load_address>
         <run_address>0x16e83</run_address>
[...]
      </symbol>
      <symbol id="sm-731">
         <name>_ZdlPv</name>
         <value>0x4021</value>
         <object_component_ref idref="oc-2b9"/>
      </symbol>
      <symbol id="sm-743">
         <name>_ZSt24__stl_throw_length_errorPKc</name>
         <value>0x3785</value>
         <object_component_ref idref="oc-39a"/>
      </symbol>
      <symbol id="sm-744">
         <name>_ZSt24__stl_throw_out_of_rangePKc</name>
         <value>0x3779</value>
         <object_component_ref idref="oc-39a"/>
      </symbol>
      <symbol id="sm-745">
         <name>_ZSt28__stl_throw_invalid_argumentPKc</name>
         <value>0x3755</value>
         <object_component_ref idref="oc-39a"/>
      </symbol>
      <symbol id="sm-746">
         <name>_ZSt26__stl_throw_overflow_errorPKc</name>
         <value>0x3761</value>
         <object_component_ref idref="oc-39a"/>
      </symbol>
      <symbol id="sm-747">
         <name>_ZSt25__stl_throw_runtime_errorPKc</name>
         <value>0x376d</value>
         <object_component_ref idref="oc-39a"/>
      </symbol>
      <symbol id="sm-748">
         <name>_ZSt23__stl_throw_range_errorPKc</name>
         <value>0x3791</value>
         <object_component_ref idref="oc-39a"/>
      </symbol>
      <symbol id="sm-77b">
         <name>__dso_handle</name>
         <value>0x20010a28</value>
      </symbol>
      <symbol id="sm-77c">
         <name>__aeabi_atexit</name>
         <value>0x2ab7</value>
         <object_component_ref idref="oc-fd"/>
      </symbol>
      <symbol id="sm-77d">
         <name>__cxa_atexit</name>
         <value>0x2a65</value>
         <object_component_ref idref="oc-fd"/>
      </symbol>
      <symbol id="sm-77e">
         <name>__cxa_finalize</name>
         <value>0x2a1d</value>
         <object_component_ref idref="oc-fd"/>
      </symbol>
      <symbol id="sm-77f">
         <name>atexit</name>
         <value>0x2aa9</value>
         <object_component_ref idref="oc-fd"/>
      </symbol>
      <symbol id="sm-780">
         <name>__cxa_ia64_exit</name>
         <value>0x2a5f</value>
         <object_component_ref idref="oc-fd"/>
      </symbol>
      <symbol id="sm-7a1">
         <name>C$$EXIT</name>
         <value>0x3621</value>
         <object_component_ref idref="oc-87"/>
      </symbol>
      <symbol id="sm-7a2">
         <name>abort</name>
         <value>0x3625</value>
         <object_component_ref idref="oc-87"/>
      </symbol>
      <symbol id="sm-7a3">
         <name>exit</name>
         <value>0x362d</value>
         <object_component_ref idref="oc-87"/>
      </symbol>
      <symbol id="sm-7a4">
         <name>__TI_dtors_ptr</name>
         <value>0x20011010</value>
         <object_component_ref idref="oc-148"/>
      </symbol>
      <symbol id="sm-7a5">
         <name>__TI_cleanup_ptr</name>
         <value>0x2001100c</value>
         <object_component_ref idref="oc-148"/>
      </symbol>
      <symbol id="sm-7a6">
         <name>__TI_enable_exit_profile_output</name>
         <value>0x20011014</value>
         <object_component_ref idref="oc-148"/>
      </symbol>
      <symbol id="sm-7cd">
         <name>puts</name>
         <value>0x28e1</value>
         <object_component_ref idref="oc-445"/>
      </symbol>
      <symbol id="sm-7ce">
         <name>fputs</name>
         <value>0x27d5</value>
         <object_component_ref idref="oc-445"/>
      </symbol>
      <symbol id="sm-7de">
         <name>memchr</name>
         <value>0x3bfd</value>
         <object_component_ref idref="oc-4b2"/>
      </symbol>
      <symbol id="sm-7f9">
         <name>memcpy</name>
         <value>0x2ee5</value>
         <object_component_ref idref="oc-57"/>
      </symbol>
      <symbol id="sm-7fa">
         <name>__aeabi_memcpy</name>
         <value>0x2ee5</value>
         <object_component_ref idref="oc-57"/>
      </symbol>
      <symbol id="sm-7fb">
         <name>__aeabi_memcpy8</name>
         <value>0x2ee5</value>
         <object_component_ref idref="oc-57"/>
      </symbol>
      <symbol id="sm-7fc">
         <name>__aeabi_memcpy4</name>
         <value>0x2ee5</value>
         <object_component_ref idref="oc-57"/>
      </symbol>
      <symbol id="sm-870">
         <name>_sys_memory</name>
         <value>0x20000000</value>
         <object_component_ref idref="oc-2e"/>
      </symbol>
      <symbol id="sm-871">
         <name>free</name>
         <value>0x18ff</value>
         <object_component_ref idref="oc-306"/>
      </symbol>
      <symbol id="sm-872">
         <name>realloc</name>
         <value>0x19c1</value>
         <object_component_ref idref="oc-306"/>
      </symbol>
      <symbol id="sm-873">
         <name>memalign</name>
         <value>0x1ac9</value>
         <object_component_ref idref="oc-306"/>
      </symbol>
      <symbol id="sm-874">
         <name>calloc</name>
         <value>0x1bb5</value>
         <object_component_ref idref="oc-306"/>
      </symbol>
      <symbol id="sm-875">
         <name>malloc</name>
         <value>0x1895</value>
         <object_component_ref idref="oc-306"/>
      </symbol>
      <symbol id="sm-876">
         <name>minit</name>
         <value>0x1815</value>
         <object_component_ref idref="oc-306"/>
      </symbol>
      <symbol id="sm-885">
         <name>__aeabi_memset</name>
         <value>0x30a3</value>
         <object_component_ref idref="oc-63"/>
      </symbol>
      <symbol id="sm-886">
         <name>memset</name>
         <value>0x30a9</value>
         <object_component_ref idref="oc-63"/>
      </symbol>
      <symbol id="sm-887">
         <name>__aeabi_memset8</name>
         <value>0x30a3</value>
         <object_component_ref idref="oc-63"/>
      </symbol>
      <symbol id="sm-888">
         <name>__aeabi_memset4</name>
         <value>0x30a3</value>
         <object_component_ref idref="oc-63"/>
      </symbol>
      <symbol id="sm-889">
         <name>__aeabi_memclr8</name>
         <value>0x30a1</value>
         <object_component_ref idref="oc-63"/>
      </symbol>
      <symbol id="sm-88a">
         <name>__aeabi_memclr4</name>
         <value>0x30a1</value>
         <object_component_ref idref="oc-63"/>
      </symbol>
      <symbol id="sm-88b">
         <name>__aeabi_memclr</name>
         <value>0x30a1</value>
         <object_component_ref idref="oc-63"/>
      </symbol>
      <symbol id="sm-895">
         <name>__mpu_init</name>
         <value>0x311b</value>
         <object_component_ref idref="oc-6f"/>
      </symbol>
      <symbol id="sm-8ac">
         <name>_Znwj</name>
         <value>0x399d</value>
         <object_component_ref idref="oc-173"/>
      </symbol>
      <symbol id="sm-8b6">
         <name>_Z21__default_new_handlerv</name>
         <value>0x399b</value>
         <object_component_ref idref="oc-37b"/>
      </symbol>
      <symbol id="sm-8c0">
         <name>_system_pre_init</name>
         <value>0x4029</value>
         <object_component_ref idref="oc-75"/>
      </symbol>
      <symbol id="sm-8c8">
         <name>main_func_sp</name>
         <value>0x20011038</value>
         <object_component_ref idref="oc-8d"/>
      </symbol>
      <symbol id="sm-8d6">
         <name>strlen</name>
         <value>0x3e49</value>
         <object_component_ref idref="oc-3ac"/>
      </symbol>
      <symbol id="sm-8de">
         <name>_new_handler</name>
         <value>0x2001103c</value>
         <object_component_ref idref="oc-378"/>
      </symbol>
      <symbol id="sm-925">
         <name>__cxa_vec_cleanup</name>
         <value>0x1dfd</value>
         <object_component_ref idref="oc-103"/>
      </symbol>
      <symbol id="sm-926">
         <name>__cxa_vec_new</name>
         <value>0x1caf</value>
         <object_component_ref idref="oc-103"/>
      </symbol>
      <symbol id="sm-927">
         <name>__aeabi_vec_ctor_nocookie_nodtor</name>
         <value>0x1f25</value>
         <object_component_ref idref="oc-103"/>
      </symbol>
      <symbol id="sm-928">
         <name>__cxa_vec_cctor</name>
         <value>0x1e1d</value>
         <object_component_ref idref="oc-103"/>
      </symbol>
      <symbol id="sm-929">
         <name>__aeabi_vec_delete3_nodtor</name>
         <value>0x1ee3</value>
         <object_component_ref idref="oc-103"/>
      </symbol>
      <symbol id="sm-92a">
         <name>__aeabi_vec_delete</name>
         <value>0x1f19</value>
         <object_component_ref idref="oc-103"/>
      </symbol>
      <symbol id="sm-92b">
         <name>__aeabi_vec_ctor_cookie_nodtor</name>
         <value>0x1f37</value>
         <object_component_ref idref="oc-103"/>
      </symbol>
      <symbol id="sm-92c">
         <name>__aeabi_vec_new_cookie_noctor</name>
         <value>0x1e81</value>
         <object_component_ref idref="oc-103"/>
      </symbol>
      <symbol id="sm-92d">
         <name>__aeabi_vec_new_nocookie</name>
         <value>0x1e47</value>
         <object_component_ref idref="oc-103"/>
      </symbol>
      <symbol id="sm-92e">
         <name>__cxa_vec_delete2</name>
         <value>0x1d8d</value>
         <object_component_ref idref="oc-103"/>
      </symbol>
      <symbol id="sm-92f">
         <name>__cxa_vec_delete3</name>
         <value>0x1d67</value>
         <object_component_ref idref="oc-103"/>
      </symbol>
      <symbol id="sm-930">
         <name>__cxa_vec_dtor</name>
         <value>0x1d4b</value>
         <object_component_ref idref="oc-103"/>
      </symbol>
      <symbol id="sm-931">
         <name>__aeabi_vec_new_cookie</name>
         <value>0x1e9d</value>
         <object_component_ref idref="oc-103"/>
      </symbol>
      <symbol id="sm-932">
         <name>__aeabi_vec_delete3</name>
         <value>0x1efd</value>
         <object_component_ref idref="oc-103"/>
      </symbol>
      <symbol id="sm-933">
         <name>__cxa_vec_delete</name>
         <value>0x1db3</value>
         <object_component_ref idref="oc-103"/>
      </symbol>
      <symbol id="sm-934">
         <name>__aeabi_vec_new_cookie_nodtor</name>
         <value>0x1e5b</value>
         <object_component_ref idref="oc-103"/>
      </symbol>
      <symbol id="sm-935">
         <name>__cxa_vec_ctor</name>
         <value>0x1dd9</value>
         <object_component_ref idref="oc-103"/>
      </symbol>
      <symbol id="sm-936">
         <name>__aeabi_vec_cctor_nocookie_nodtor</name>
         <value>0x1f5b</value>
         <object_component_ref idref="oc-103"/>
      </symbol>
      <symbol id="sm-937">
         <name>__aeabi_vec_dtor</name>
         <value>0x1eb1</value>
         <object_component_ref idref="oc-103"/>
      </symbol>
      <symbol id="sm-938">
         <name>__aeabi_vec_dtor_cookie</name>
         <value>0x1ec5</value>
         <object_component_ref idref="oc-103"/>
      </symbol>
      <symbol id="sm-939">
         <name>__cxa_vec_new2</name>
         <value>0x1c83</value>
         <object_component_ref idref="oc-103"/>
      </symbol>
      <symbol id="sm-93a">
         <name>__cxa_vec_new3</name>
         <value>0x1c57</value>
         <object_component_ref idref="oc-103"/>
      </symbol>
      <symbol id="sm-960">
         <name>_stream</name>
         <value>0x20010f9c</value>
         <object_component_ref idref="oc-52d"/>
      </symbol>
      <symbol id="sm-961">
         <name>_device</name>
         <value>0x20010f24</value>
         <object_component_ref idref="oc-574"/>
      </symbol>
      <symbol id="sm-962">
         <name>write</name>
         <value>0x3a79</value>
         <object_component_ref idref="oc-4be"/>
      </symbol>
      <symbol id="sm-980">
         <name>__TI_wrt_ok</name>
         <value>0x2e39</value>
         <object_component_ref idref="oc-4ac"/>
      </symbol>
      <symbol id="sm-981">
         <name>__TI_rd_ok</name>
         <value>0x2e9b</value>
         <object_component_ref idref="oc-4ac"/>
      </symbol>
      <symbol id="sm-99a">
         <name>_nop</name>
         <value>0x3e2f</value>
         <object_component_ref idref="oc-34b"/>
      </symbol>
      <symbol id="sm-99b">
         <name>_lock</name>
         <value>0x20011024</value>
         <object_component_ref idref="oc-14b"/>
      </symbol>
      <symbol id="sm-99c">
         <name>_unlock</name>
         <value>0x20011028</value>
         <object_component_ref idref="oc-14b"/>
      </symbol>
      <symbol id="sm-99d">
         <name>_register_lock</name>
         <value>0x3e27</value>
         <object_component_ref idref="oc-34b"/>
      </symbol>
      <symbol id="sm-99e">
         <name>_register_unlock</name>
         <value>0x3e21</value>
         <object_component_ref idref="oc-34b"/>
      </symbol>
      <symbol id="sm-9b2">
         <name>_args_main</name>
         <value>0x3d31</value>
         <object_component_ref idref="oc-81"/>
      </symbol>
      <symbol id="sm-9dc">
         <name>__TI_auto_init</name>
         <value>0x311d</value>
         <object_component_ref idref="oc-7b"/>
      </symbol>
      <symbol id="sm-9f6">
         <name>copy_in</name>
         <value>0x36c1</value>
         <object_component_ref idref="oc-138"/>
      </symbol>
      <symbol id="sm-a0b">
         <name>__TI_tmpnams</name>
         <value>0x20010858</value>
      </symbol>
      <symbol id="sm-a0c">
         <name>__aeabi_stdout</name>
         <value>0x20010ff4</value>
         <object_component_ref idref="oc-528"/>
      </symbol>
      <symbol id="sm-a0d">
         <name>__aeabi_stderr</name>
         <value>0x20010ff8</value>
         <object_component_ref idref="oc-528"/>
      </symbol>
      <symbol id="sm-a0e">
         <name>__aeabi_stdin</name>
         <value>0x20010ff0</value>
         <object_component_ref idref="oc-528"/>
      </symbol>
      <symbol id="sm-a0f">
         <name>_ftable</name>
         <value>0x20010e34</value>
         <object_component_ref idref="oc-4c4"/>
      </symbol>
      <symbol id="sm-a10">
         <name>__TI_ft_end</name>
         <value>0x20010fec</value>
         <object_component_ref idref="oc-528"/>
      </symbol>
      <symbol id="sm-a2a">
         <name>__TI_doflush</name>
         <value>0x2cb5</value>
         <object_component_ref idref="oc-4b8"/>
      </symbol>
      <symbol id="sm-a2b">
         <name>fflush</name>
         <value>0x2d01</value>
         <object_component_ref idref="oc-4b8"/>
      </symbol>
      <symbol id="sm-a3d">
         <name>fseek</name>
         <value>0x33a1</value>
         <object_component_ref idref="oc-518"/>
      </symbol>
      <symbol id="sm-a4e">
         <name>HOSTclose</name>
         <value>0x3829</value>
         <object_component_ref idref="oc-5a9"/>
      </symbol>
      <symbol id="sm-a5f">
         <name>HOSTlseek</name>
         <value>0x32d1</value>
         <object_component_ref idref="oc-5bb"/>
      </symbol>
      <symbol id="sm-a71">
         <name>parmbuf</name>
         <value>0x20010a1c</value>
      </symbol>
      <symbol id="sm-a72">
         <name>HOSTopen</name>
         <value>0x3405</value>
         <object_component_ref idref="oc-5a3"/>
      </symbol>
      <symbol id="sm-a83">
         <name>HOSTread</name>
         <value>0x351d</value>
         <object_component_ref idref="oc-5af"/>
      </symbol>
      <symbol id="sm-a94">
         <name>HOSTrename</name>
         <value>0x31fd</value>
         <object_component_ref idref="oc-5c7"/>
      </symbol>
      <symbol id="sm-aa5">
         <name>HOSTunlink</name>
         <value>0x386d</value>
         <object_component_ref idref="oc-5c1"/>
      </symbol>
      <symbol id="sm-ab6">
         <name>HOSTwrite</name>
         <value>0x3575</value>
         <object_component_ref idref="oc-5b5"/>
      </symbol>
      <symbol id="sm-ac6">
         <name>lseek</name>
         <value>0x3a51</value>
         <object_component_ref idref="oc-557"/>
      </symbol>
      <symbol id="sm-ae2">
         <name>setvbuf</name>
         <value>0x2b11</value>
         <object_component_ref idref="oc-51e"/>
      </symbol>
      <symbol id="sm-aec">
         <name>_system_post_cinit</name>
         <value>0x3a4f</value>
         <object_component_ref idref="oc-13e"/>
      </symbol>
      <symbol id="sm-afa">
         <name>strcpy</name>
         <value>0x3e35</value>
         <object_component_ref idref="oc-5ff"/>
      </symbol>
      <symbol id="sm-b15">
         <name>__TI_readmsg</name>
         <value>0x336b</value>
         <object_component_ref idref="oc-5eb"/>
      </symbol>
      <symbol id="sm-b16">
         <name>C$$IO$$</name>
         <value>0x3367</value>
         <object_component_ref idref="oc-5eb"/>
      </symbol>
      <symbol id="sm-b17">
         <name>__CIOBUF_</name>
         <value>0x20010738</value>
         <object_component_ref idref="oc-623"/>
      </symbol>
      <symbol id="sm-b18">
         <name>__TI_writemsg</name>
         <value>0x3339</value>
         <object_component_ref idref="oc-5eb"/>
      </symbol>
      <symbol id="sm-b4a">
         <name>__TI_cleanup</name>
         <value>0x26d9</value>
         <object_component_ref idref="oc-55f"/>
      </symbol>
      <symbol id="sm-b4b">
         <name>freopen</name>
         <value>0x2705</value>
         <object_component_ref idref="oc-55f"/>
      </symbol>
      <symbol id="sm-b4c">
         <name>fopen</name>
         <value>0x272f</value>
         <object_component_ref idref="oc-55f"/>
      </symbol>
      <symbol id="sm-b69">
         <name>open</name>
         <value>0x2d7d</value>
         <object_component_ref idref="oc-592"/>
      </symbol>
      <symbol id="sm-b7f">
         <name>__TI_closefile</name>
         <value>0x2f81</value>
         <object_component_ref idref="oc-598"/>
      </symbol>
      <symbol id="sm-b80">
         <name>fclose</name>
         <value>0x2fe7</value>
         <object_component_ref idref="oc-598"/>
      </symbol>
      <symbol id="sm-b9f">
         <name>finddevice</name>
         <value>0x318d</value>
         <object_component_ref idref="oc-5d1"/>
      </symbol>
      <symbol id="sm-ba0">
         <name>getdevice</name>
         <value>0x31b7</value>
         <object_component_ref idref="oc-5d1"/>
      </symbol>
      <symbol id="sm-bb1">
         <name>strchr</name>
         <value>0x3db9</value>
         <object_component_ref idref="oc-60d"/>
      </symbol>
      <symbol id="sm-bc0">
         <name>strcmp</name>
         <value>0x3d49</value>
         <object_component_ref idref="oc-607"/>
      </symbol>
      <symbol id="sm-bd0">
         <name>strncpy</name>
         <value>0x3965</value>
         <object_component_ref idref="oc-613"/>
      </symbol>
      <symbol id="sm-be0">
         <name>unlink</name>
         <value>0x39f9</value>
         <object_component_ref idref="oc-5e0"/>
      </symbol>
      <symbol id="sm-bf4">
         <name>close</name>
         <value>0x34c1</value>
         <object_component_ref idref="oc-5da"/>
      </symbol>
      <symbol id="sm-bf5">
         <name>__TI_static_base__</name>
         <value>0x0</value>
      </symbol>
      <symbol id="sm-bf8">
         <name>_ZdaPv</name>
         <value>0x4021</value>
      </symbol>
      <symbol id="sm-bf9">
         <name>_Znaj</name>
         <value>0x399d</value>
      </symbol>
      <symbol id="sm-bfa">
         <name>remove</name>
         <value>0x39f9</value>
      </symbol>
   </symbol_table>
   <title>Link successful</title>
</link_info>
